recursiveFactorial(5) == 120
iterativeFactorial(5) == 120
